┌  Building Nuxt for production...
│
●  Nuxt 4.5.1 (with Nitro 2.13.4, Vite 8.2.0 and Vue 3.5.40)
[info] [nuxt:tailwindcss] Using default Tailwind CSS file
│
●  Nitro preset: node-server
[info] Nuxt Icon client bundle consist of `33` icons with `13.89KB`(uncompressed) in size
[info] Building client...
[info] [36mvite v8.2.0 [32mbuilding client environment for production...[36m[39m
[2K
transforming...✓ 366 modules transformed.
rendering chunks...
computing gzip size...
[info] node_modules/.cache/nuxt/.nuxt/dist/client/manifest.json                   22.94 kB │ gzip:  2.52 kB
node_modules/.cache/nuxt/.nuxt/dist/client/_nuxt/ProsePre.B0ltTcKi.css      0.04 kB │ gzip:  0.06 kB
node_modules/.cache/nuxt/.nuxt/dist/client/_nuxt/ArticleCard.F4F59WsY.css   0.11 kB │ gzip:  0.11 kB
node_modules/.cache/nuxt/.nuxt/dist/client/_nuxt/default.C7hsY-Un.css       0.73 kB │ gzip:  0.34 kB
node_modules/.cache/nuxt/.nuxt/dist/client/_nuxt/error-500.BG9pmads.css     1.90 kB │ gzip:  0.72 kB
node_modules/.cache/nuxt/.nuxt/dist/client/_nuxt/error-404.DjFB7pgG.css     2.42 kB │ gzip:  0.85 kB
node_modules/.cache/nuxt/.nuxt/dist/client/_nuxt/entry.CMs6WgoO.css        94.63 kB │ gzip: 13.42 kB
node_modules/.cache/nuxt/.nuxt/dist/client/_nuxt/BDNMzG2s.js                0.08 kB │ gzip:  0.09 kB
node_modules/.cache/nuxt/.nuxt/dist/client/_nuxt/DiLla_VO.js                0.10 kB │ gzip:  0.10 kB
node_modules/.cache/nuxt/.nuxt/dist/client/_nuxt/pmCpOsT22.js               0.20 kB │ gzip:  0.18 kB
node_modules/.cache/nuxt/.nuxt/dist/client/_nuxt/20vbS9cE2.js               0.20 kB │ gzip:  0.16 kB
node_modules/.cache/nuxt/.nuxt/dist/client/_nuxt/CFkgt49F2.js               0.23 kB │ gzip:  0.20 kB
node_modules/.cache/nuxt/.nuxt/dist/client/_nuxt/BNbNMTIX2.js               0.23 kB │ gzip:  0.20 kB
node_modules/.cache/nuxt/.nuxt/dist/client/_nuxt/Bt_tSITI.js                0.23 kB │ gzip:  0.20 kB
node_modules/.cache/nuxt/.nuxt/dist/client/_nuxt/C7ksxIFl.js                0.23 kB │ gzip:  0.20 kB
node_modules/.cache/nuxt/.nuxt/dist/client/_nuxt/D8TYQDmv.js                0.23 kB │ gzip:  0.20 kB
node_modules/.cache/nuxt/.nuxt/dist/client/_nuxt/DXLdcvQv.js                0.23 kB │ gzip:  0.20 kB
node_modules/.cache/nuxt/.nuxt/dist/client/_nuxt/DyEnZPej2.js               0.23 kB │ gzip:  0.20 kB
node_modules/.cache/nuxt/.nuxt/dist/client/_nuxt/_Ca5fMco2.js               0.23 kB │ gzip:  0.20 kB
node_modules/.cache/nuxt/.nuxt/dist/client/_nuxt/BN31QS-V.js                0.24 kB │ gzip:  0.20 kB
node_modules/.cache/nuxt/.nuxt/dist/client/_nuxt/BYqdk6P_.js                0.24 kB │ gzip:  0.20 kB
node_modules/.cache/nuxt/.nuxt/dist/client/_nuxt/CcMSFnoT.js                0.24 kB │ gzip:  0.20 kB
node_modules/.cache/nuxt/.nuxt/dist/client/_nuxt/D__Q1uiz.js                0.24 kB │ gzip:  0.20 kB
node_modules/.cache/nuxt/.nuxt/dist/client/_nuxt/BuUD6DTH2.js               0.24 kB │ gzip:  0.21 kB
node_modules/.cache/nuxt/.nuxt/dist/client/_nuxt/Bwxn-jpl2.js               0.25 kB │ gzip:  0.21 kB
node_modules/.cache/nuxt/.nuxt/dist/client/_nuxt/CfAdZShr2.js               0.32 kB │ gzip:  0.25 kB
node_modules/.cache/nuxt/.nuxt/dist/client/_nuxt/DabBUBa02.js               0.34 kB │ gzip:  0.26 kB
node_modules/.cache/nuxt/.nuxt/dist/client/_nuxt/BD3AtM-X.js                0.40 kB │ gzip:  0.26 kB
node_modules/.cache/nuxt/.nuxt/dist/client/_nuxt/CL_xpOVm2.js               0.41 kB │ gzip:  0.25 kB
node_modules/.cache/nuxt/.nuxt/dist/client/_nuxt/CyLVHcKo2.js               0.41 kB │ gzip:  0.28 kB
node_modules/.cache/nuxt/.nuxt/dist/client/_nuxt/BY-r5ebd2.js               0.51 kB │ gzip:  0.33 kB
node_modules/.cache/nuxt/.nuxt/dist/client/_nuxt/CvD_BDrL2.js               0.54 kB │ gzip:  0.36 kB
node_modules/.cache/nuxt/.nuxt/dist/client/_nuxt/BmKPCost2.js               0.55 kB │ gzip:  0.36 kB
node_modules/.cache/nuxt/.nuxt/dist/client/_nuxt/Bqp2FcRw2.js               0.55 kB │ gzip:  0.36 kB
node_modules/.cache/nuxt/.nuxt/dist/client/_nuxt/DhUEWR7L2.js               0.55 kB │ gzip:  0.36 kB
node_modules/.cache/nuxt/.nuxt/dist/client/_nuxt/KqQGrHH52.js               0.55 kB │ gzip:  0.36 kB
node_modules/.cache/nuxt/.nuxt/dist/client/_nuxt/_JImsHGN2.js               0.55 kB │ gzip:  0.36 kB
node_modules/.cache/nuxt/.nuxt/dist/client/_nuxt/DHUnbHmJ.js                0.58 kB │ gzip:  0.38 kB
node_modules/.cache/nuxt/.nuxt/dist/client/_nuxt/BoyjIWbb2.js               0.68 kB │ gzip:  0.40 kB
node_modules/.cache/nuxt/.nuxt/dist/client/_nuxt/B5P-_xRK2.js               0.73 kB │ gzip:  0.43 kB
node_modules/.cache/nuxt/.nuxt/dist/client/_nuxt/BSowX1x02.js               0.75 kB │ gzip:  0.39 kB
node_modules/.cache/nuxt/.nuxt/dist/client/_nuxt/C-mC5iGS2.js               0.89 kB │ gzip:  0.49 kB
node_modules/.cache/nuxt/.nuxt/dist/client/_nuxt/Drtdp2QG.js                1.05 kB │ gzip:  0.56 kB
node_modules/.cache/nuxt/.nuxt/dist/client/_nuxt/CrX6fOtf.js                1.08 kB │ gzip:  0.51 kB
node_modules/.cache/nuxt/.nuxt/dist/client/_nuxt/HclGiUj8.js                1.21 kB │ gzip:  0.67 kB
node_modules/.cache/nuxt/.nuxt/dist/client/_nuxt/jMWBYxty.js                1.43 kB │ gzip:  0.74 kB
node_modules/.cache/nuxt/.nuxt/dist/client/_nuxt/FMEw3vI3.js                1.58 kB │ gzip:  0.84 kB
node_modules/.cache/nuxt/.nuxt/dist/client/_nuxt/C4XZIUeS2.js               1.77 kB │ gzip:  0.87 kB
node_modules/.cache/nuxt/.nuxt/dist/client/_nuxt/Cg243nrp.js                1.84 kB │ gzip:  0.87 kB
node_modules/.cache/nuxt/.nuxt/dist/client/_nuxt/_DBatt1e2.js               1.92 kB │ gzip:  1.01 kB
node_modules/.cache/nuxt/.nuxt/dist/client/_nuxt/D5fJmDrp.js                1.94 kB │ gzip:  1.10 kB
node_modules/.cache/nuxt/.nuxt/dist/client/_nuxt/Ct6FNyht.js                2.00 kB │ gzip:  0.96 kB
node_modules/.cache/nuxt/.nuxt/dist/client/_nuxt/CyxbWSsK.js                2.14 kB │ gzip:  1.02 kB
node_modules/.cache/nuxt/.nuxt/dist/client/_nuxt/OD5o-oT4.js                2.38 kB │ gzip:  0.99 kB
node_modules/.cache/nuxt/.nuxt/dist/client/_nuxt/DmxAbXyk.js                2.58 kB │ gzip:  1.06 kB
node_modules/.cache/nuxt/.nuxt/dist/client/_nuxt/B6LqO_r-.js                2.96 kB │ gzip:  1.50 kB
node_modules/.cache/nuxt/.nuxt/dist/client/_nuxt/C4_CJqML.js                3.44 kB │ gzip:  1.54 kB
node_modules/.cache/nuxt/.nuxt/dist/client/_nuxt/Be-1jYeV.js                3.70 kB │ gzip:  1.65 kB
node_modules/.cache/nuxt/.nuxt/dist/client/_nuxt/CDzL17Mq.js                3.78 kB │ gzip:  1.70 kB
node_modules/.cache/nuxt/.nuxt/dist/client/_nuxt/BEHgSWAi.js                4.48 kB │ gzip:  1.92 kB
node_modules/.cache/nuxt/.nuxt/dist/client/_nuxt/Dv8Jsw9N.js                4.98 kB │ gzip:  2.30 kB
node_modules/.cache/nuxt/.nuxt/dist/client/_nuxt/C98tvxIg.js                5.44 kB │ gzip:  2.19 kB
node_modules/.cache/nuxt/.nuxt/dist/client/_nuxt/C_C_Jaj2.js                5.86 kB │ gzip:  2.32 kB
node_modules/.cache/nuxt/.nuxt/dist/client/_nuxt/De5fEwud.js                6.36 kB │ gzip:  2.43 kB
node_modules/.cache/nuxt/.nuxt/dist/client/_nuxt/CJOUYKIh.js                6.37 kB │ gzip:  2.31 kB
node_modules/.cache/nuxt/.nuxt/dist/client/_nuxt/SZ7_X19b.js                7.01 kB │ gzip:  2.81 kB
node_modules/.cache/nuxt/.nuxt/dist/client/_nuxt/DBhcF_FA.js                7.10 kB │ gzip:  2.87 kB
node_modules/.cache/nuxt/.nuxt/dist/client/_nuxt/CUF7K1OJ.js                8.06 kB │ gzip:  2.88 kB
node_modules/.cache/nuxt/.nuxt/dist/client/_nuxt/DTNJw-DK.js                9.04 kB │ gzip:  3.67 kB
node_modules/.cache/nuxt/.nuxt/dist/client/_nuxt/xtWKwx5W.js                9.28 kB │ gzip:  3.79 kB
node_modules/.cache/nuxt/.nuxt/dist/client/_nuxt/ChAOTAk1.js               10.49 kB │ gzip:  4.50 kB
node_modules/.cache/nuxt/.nuxt/dist/client/_nuxt/GWE9G-_1.js               11.46 kB │ gzip:  3.81 kB
node_modules/.cache/nuxt/.nuxt/dist/client/_nuxt/vnKEASuP.js               18.48 kB │ gzip:  7.74 kB
node_modules/.cache/nuxt/.nuxt/dist/client/_nuxt/CHpXiVU0.js               20.94 kB │ gzip:  8.37 kB
node_modules/.cache/nuxt/.nuxt/dist/client/_nuxt/C1yZWozu2.js              22.06 kB │ gzip:  8.72 kB
node_modules/.cache/nuxt/.nuxt/dist/client/_nuxt/BTAsk1eg.js               23.80 kB │ gzip:  8.56 kB
node_modules/.cache/nuxt/.nuxt/dist/client/_nuxt/TG6yfytv.js               25.77 kB │ gzip:  9.67 kB
node_modules/.cache/nuxt/.nuxt/dist/client/_nuxt/DtooFrlI.js               62.26 kB │ gzip: 22.60 kB
node_modules/.cache/nuxt/.nuxt/dist/client/_nuxt/Cszm7yyF.js               74.71 kB │ gzip: 29.07 kB

[info] [32m✓ built in 1.48s[39m
[success] Client built in 1508ms
[info] Building server...
[info] [36mvite v8.2.0 [32mbuilding ssr environment for production...[36m[39m
[2K
transforming...✓ 238 modules transformed.
rendering chunks...
[info] node_modules/.cache/nuxt/.nuxt/dist/server/_nuxt/AppHeader-styles.CG62UieH.mjs           0.08 kB
node_modules/.cache/nuxt/.nuxt/dist/server/_nuxt/SearchResults-styles.idtwq_jG.mjs       0.08 kB
node_modules/.cache/nuxt/.nuxt/dist/server/_nuxt/ProsePre-styles.DZaMtX94.mjs            0.08 kB
node_modules/.cache/nuxt/.nuxt/dist/server/_nuxt/ProseCode-styles.55AK9Any.mjs           0.08 kB
node_modules/.cache/nuxt/.nuxt/dist/server/_nuxt/error-404-styles.CiqRMCWG.mjs           0.08 kB
node_modules/.cache/nuxt/.nuxt/dist/server/_nuxt/error-500-styles.CgvVbW11.mjs           0.08 kB
node_modules/.cache/nuxt/.nuxt/dist/server/_nuxt/ArticleCard-styles.DmLJ3Ryx.mjs         0.09 kB
node_modules/.cache/nuxt/.nuxt/dist/server/_nuxt/default-styles.D8ObHBkj.mjs             0.15 kB
node_modules/.cache/nuxt/.nuxt/dist/server/styles.mjs                                    1.07 kB
node_modules/.cache/nuxt/.nuxt/dist/server/_nuxt/ready-BqDmwRdQ.js                       0.04 kB
node_modules/.cache/nuxt/.nuxt/dist/server/_nuxt/_plugin-vue_export-helper-BOaGB7Aw.js   0.26 kB
node_modules/.cache/nuxt/.nuxt/dist/server/_nuxt/rolldown-runtime-D7D4PA-g.js            0.36 kB
node_modules/.cache/nuxt/.nuxt/dist/server/_nuxt/ProsePre-styles-1.mjs-DACsc501.js       0.39 kB │ map:   0.97 kB
node_modules/.cache/nuxt/.nuxt/dist/server/_nuxt/ProseCode-styles-1.mjs-DgKNry3d.js      0.40 kB │ map:   0.66 kB
node_modules/.cache/nuxt/.nuxt/dist/server/_nuxt/ArticleCard-styles-1.mjs-ybIx2yHO.js    0.48 kB │ map:   2.48 kB
node_modules/.cache/nuxt/.nuxt/dist/server/_nuxt/default-styles-2.mjs-C-CUugvL.js        0.73 kB │ map:   0.80 kB
node_modules/.cache/nuxt/.nuxt/dist/server/_nuxt/default-styles-1.mjs-g3nKJNPH.js        0.73 kB │ map:   0.62 kB
node_modules/.cache/nuxt/.nuxt/dist/server/_nuxt/state-a55sV_J7.js                       0.79 kB │ map:   3.63 kB
node_modules/.cache/nuxt/.nuxt/dist/server/_nuxt/DocumentDrivenNotFound-DOEguUJX.js      0.82 kB │ map:   0.49 kB
node_modules/.cache/nuxt/.nuxt/dist/server/_nuxt/ProseHr-qNrvTGXi.js                     0.95 kB │ map:   0.20 kB
node_modules/.cache/nuxt/.nuxt/dist/server/_nuxt/DocumentDrivenEmpty-B5LMSn3t.js         0.96 kB │ map:   0.84 kB
node_modules/.cache/nuxt/.nuxt/dist/server/_nuxt/ProseP-kT6L_ME0.js                      1.04 kB │ map:   0.21 kB
node_modules/.cache/nuxt/.nuxt/dist/server/_nuxt/ProseEm-CwISPdvR.js                     1.04 kB │ map:   0.23 kB
node_modules/.cache/nuxt/.nuxt/dist/server/_nuxt/ProseLi-DTWtDpl6.js                     1.04 kB │ map:   0.22 kB
node_modules/.cache/nuxt/.nuxt/dist/server/_nuxt/ProseOl-CfMesdaK.js                     1.04 kB │ map:   0.23 kB
node_modules/.cache/nuxt/.nuxt/dist/server/_nuxt/ProseTd-i2919mSg.js                     1.04 kB │ map:   0.23 kB
node_modules/.cache/nuxt/.nuxt/dist/server/_nuxt/ProseTh-BOCJHC29.js                     1.04 kB │ map:   0.23 kB
node_modules/.cache/nuxt/.nuxt/dist/server/_nuxt/ProseTr-wpGYe4I-.js                     1.04 kB │ map:   0.23 kB
node_modules/.cache/nuxt/.nuxt/dist/server/_nuxt/ProseUl-BJCKMnd6.js                     1.04 kB │ map:   0.23 kB
node_modules/.cache/nuxt/.nuxt/dist/server/_nuxt/ProseTable-CJHatjMn.js                  1.07 kB │ map:   0.24 kB
node_modules/.cache/nuxt/.nuxt/dist/server/_nuxt/ProseTbody-C6ytnxAL.js                  1.07 kB │ map:   0.24 kB
node_modules/.cache/nuxt/.nuxt/dist/server/_nuxt/ProseThead-BOZ24CBC.js                  1.07 kB │ map:   0.24 kB
node_modules/.cache/nuxt/.nuxt/dist/server/_nuxt/ProseStrong-CtXSZmkF.js                 1.08 kB │ map:   0.24 kB
node_modules/.cache/nuxt/.nuxt/dist/server/_nuxt/Markdown-FdMn2EgS.js                    1.10 kB │ map:   1.04 kB
node_modules/.cache/nuxt/.nuxt/dist/server/_nuxt/ProseCodeInline-CjkTwdQx.js             1.10 kB │ map:   0.24 kB
node_modules/.cache/nuxt/.nuxt/dist/server/_nuxt/ProseBlockquote-LjcLtoSK.js             1.11 kB │ map:   0.26 kB
node_modules/.cache/nuxt/.nuxt/dist/server/_nuxt/ProseScript-uQhJ3QuN.js                 1.54 kB │ map:   1.13 kB
node_modules/.cache/nuxt/.nuxt/dist/server/_nuxt/ProseCode-QDN60ZYL.js                   1.67 kB │ map:   1.20 kB
node_modules/.cache/nuxt/.nuxt/dist/server/_nuxt/ProseA-C1b9e5ko.js                      1.73 kB │ map:   1.33 kB
node_modules/.cache/nuxt/.nuxt/dist/server/_nuxt/ProseH1-COKoG_BK.js                     1.88 kB │ map:   1.73 kB
node_modules/.cache/nuxt/.nuxt/dist/server/_nuxt/ProseH2-DilfuvUB.js                     1.90 kB │ map:   1.76 kB
node_modules/.cache/nuxt/.nuxt/dist/server/_nuxt/ProseH3-CHeB4Zg6.js                     1.90 kB │ map:   1.76 kB
node_modules/.cache/nuxt/.nuxt/dist/server/_nuxt/ProseH4-CgfDcYuO.js                     1.90 kB │ map:   1.76 kB
node_modules/.cache/nuxt/.nuxt/dist/server/_nuxt/ProseH5-Bq-BqfzH.js                     1.90 kB │ map:   1.76 kB
node_modules/.cache/nuxt/.nuxt/dist/server/_nuxt/ProseH6-XGbLNiL7.js                     1.90 kB │ map:   1.76 kB
node_modules/.cache/nuxt/.nuxt/dist/server/_nuxt/ContentList-CPfEd0i4.js                 2.03 kB │ map:   2.63 kB
node_modules/.cache/nuxt/.nuxt/dist/server/_nuxt/node-Dy_gGGLY.js                        2.12 kB │ map:   4.32 kB
node_modules/.cache/nuxt/.nuxt/dist/server/_nuxt/ProseImg-BrDFdDNn.js                    2.18 kB │ map:   2.70 kB
node_modules/.cache/nuxt/.nuxt/dist/server/_nuxt/error-500-styles-1.mjs-Dx-S9opJ.js      2.30 kB │ map:   5.15 kB
node_modules/.cache/nuxt/.nuxt/dist/server/_nuxt/ProsePre-C1AmVpHa.js                    2.40 kB │ map:   2.19 kB
node_modules/.cache/nuxt/.nuxt/dist/server/_nuxt/ContentRenderer-Cj4_j2Qz.js             2.51 kB │ map:   3.07 kB
node_modules/.cache/nuxt/.nuxt/dist/server/_nuxt/ContentSlot-CF6yFgPj.js                 2.65 kB │ map:   3.20 kB
node_modules/.cache/nuxt/.nuxt/dist/server/_nuxt/error-404-styles-1.mjs-D5nZyNb6.js      2.83 kB │ map:   5.79 kB
node_modules/.cache/nuxt/.nuxt/dist/server/_nuxt/articles-BpElTc5w.js                    3.50 kB │ map:   5.64 kB
node_modules/.cache/nuxt/.nuxt/dist/server/_nuxt/ContentNavigation-DGvhUwLs.js           3.77 kB │ map:   5.48 kB
node_modules/.cache/nuxt/.nuxt/dist/server/_nuxt/error-500-B06B1pN8.js                   4.40 kB │ map:   5.48 kB
node_modules/.cache/nuxt/.nuxt/dist/server/_nuxt/preview-h0xAYDIx.js                     4.57 kB │ map:  12.82 kB
node_modules/.cache/nuxt/.nuxt/dist/server/_nuxt/ContentQuery-BSE_afR9.js                4.99 kB │ map:   8.10 kB
node_modules/.cache/nuxt/.nuxt/dist/server/_nuxt/_name_-BJTnvuvB.js                      5.11 kB │ map:   8.56 kB
node_modules/.cache/nuxt/.nuxt/dist/server/_nuxt/error-404-BRh7pGPb.js                   5.11 kB │ map:   6.28 kB
node_modules/.cache/nuxt/.nuxt/dist/server/_nuxt/ContentDoc-Bgoa8tDM.js                  5.97 kB │ map:   9.85 kB
node_modules/.cache/nuxt/.nuxt/dist/server/_nuxt/ArticleCard-wlU24vC-.js                 6.35 kB │ map:   6.46 kB
node_modules/.cache/nuxt/.nuxt/dist/server/_nuxt/nuxt-D122W0ZC.js                        7.33 kB │ map:  24.07 kB
node_modules/.cache/nuxt/.nuxt/dist/server/_nuxt/error-DOettRZi.js                       7.82 kB │ map:  21.96 kB
node_modules/.cache/nuxt/.nuxt/dist/server/_nuxt/categories-B_J8xuip.js                  7.96 kB │ map:  12.66 kB
node_modules/.cache/nuxt/.nuxt/dist/server/_nuxt/about-6U1dghwu.js                       8.25 kB │ map:  15.25 kB
node_modules/.cache/nuxt/.nuxt/dist/server/_nuxt/query-B2OAzZ4b.js                       8.40 kB │ map:  18.72 kB
node_modules/.cache/nuxt/.nuxt/dist/server/_nuxt/pages-DeCA4JJ3.js                       8.60 kB │ map:  14.98 kB
node_modules/.cache/nuxt/.nuxt/dist/server/_nuxt/nuxt-link-y-ZeVrXh.js                   9.37 kB │ map:  20.76 kB
node_modules/.cache/nuxt/.nuxt/dist/server/_nuxt/_slug_-CGs2BPfq.js                     10.72 kB │ map:  19.05 kB
node_modules/.cache/nuxt/.nuxt/dist/server/_nuxt/client-db-BNa4MDPv.js                  14.25 kB │ map:  28.27 kB
node_modules/.cache/nuxt/.nuxt/dist/server/_nuxt/ContentRendererMarkdown-aUFhiJ-s.js    14.31 kB │ map:  23.82 kB
node_modules/.cache/nuxt/.nuxt/dist/server/_nuxt/asyncData-DQOTAIVv.js                  15.20 kB │ map:  41.16 kB
node_modules/.cache/nuxt/.nuxt/dist/server/_nuxt/default-CIPZezT7.js                    19.30 kB │ map:  42.39 kB
node_modules/.cache/nuxt/.nuxt/dist/server/_nuxt/components-CV1vymao.js                 21.68 kB │ map:  31.52 kB
node_modules/.cache/nuxt/.nuxt/dist/server/server.mjs                                   54.12 kB │ map: 148.54 kB

[info] [32m✓ built in 1.56s[39m
[success] Server built in 1579ms
[info] [nitro] Initializing prerenderer
[warn] "file:///D:/Code/Nuxt.js/my-blog-project/node_modules/@nuxt/nitro-server/dist/runtime/utils/cache-driver.mjs" is imported by " virtual:#nitro-internal-virtual/storage", but could not be resolved – treating it as an external dependency.
[warn] "H3Error" and "H3Event" are imported from external module "file://D:/Code/Nuxt.js/my-blog-project/node_modules/h3/dist/index.mjs" but never used in "node_modules/@nuxt/nitro-server/dist/h3.mjs".
[info] [nitro] Prerendering 2 routes
[log] [nitro]   ├─ / (12ms)
[log] [nitro]   ├─ /api/_content/cache.1785596784132.json (160ms)
[info] [nitro] Prerendered 2 routes in 5.454 seconds
[success] [nitro] Generated public .output/public
[info] [nitro] Building Nuxt Nitro server (preset: `node-server`, compatibility date: `2026-08-01`)
(node:10796) [DEP0155] DeprecationWarning: Use of deprecated trailing slash pattern mapping "./" in the "exports" field module resolution of the package at D:\Code\Nuxt.js\my-blog-project\node_modules\@iconify\utils\package.json imported from D:\Code\Nuxt.js\my-blog-project\node_modules\@nuxt\icon\dist\runtime\server\api.js. Mapping specifiers ending in "/" is no longer supported.
(Use `node --trace-deprecation ...` to show where the warning was created)
(node:10796) [DEP0155] DeprecationWarning: Use of deprecated trailing slash pattern mapping "./" in the "exports" field module resolution of the package at D:\Code\Nuxt.js\my-blog-project\node_modules\@vue\shared\package.json imported from D:\Code\Nuxt.js\my-blog-project\node_modules\@nuxt\nitro-server\dist\runtime\templates\error-500.mjs. Mapping specifiers ending in "/" is no longer supported.
[success] [nitro] Nuxt Nitro server built
  ├─ .output/server/chunks/_/error-500.mjs (5.08 kB) (2.08 kB gzip)
  ├─ .output/server/chunks/_/error-500.mjs.map (182 B) (154 B gzip)
  ├─ .output/server/chunks/_/icons.mjs (4.52 MB) (943 kB gzip)
  ├─ .output/server/chunks/_/icons.mjs.map (27.8 kB) (125 B gzip)
  ├─ .output/server/chunks/_/index.mjs (16 kB) (4.65 kB gzip)
  ├─ .output/server/chunks/_/index.mjs.map (263 B) (167 B gzip)
  ├─ .output/server/chunks/_/navigation.mjs (3.73 kB) (1.36 kB gzip)
  ├─ .output/server/chunks/_/navigation.mjs.map (175 B) (150 B gzip)
  ├─ .output/server/chunks/_/nitro.mjs (322 kB) (73 kB gzip)
  ├─ .output/server/chunks/_/nitro.mjs.map (5.41 kB) (1.09 kB gzip)
  ├─ .output/server/chunks/_/path-meta.mjs (2.41 kB) (1.01 kB gzip)
  ├─ .output/server/chunks/_/path-meta.mjs.map (257 B) (166 B gzip)
  ├─ .output/server/chunks/_/query.mjs (3.4 kB) (1.27 kB gzip)
  ├─ .output/server/chunks/_/query.mjs.map (234 B) (158 B gzip)
  ├─ .output/server/chunks/_/storage.mjs (45.3 kB) (11.6 kB gzip)
  ├─ .output/server/chunks/_/storage.mjs.map (1.42 kB) (340 B gzip)
  ├─ .output/server/chunks/build/_name_-B2idR1lW.mjs (6.84 kB) (2.41 kB gzip)
  ├─ .output/server/chunks/build/_name_-B2idR1lW.mjs.map (1.87 kB) (596 B gzip)
  ├─ .output/server/chunks/build/_name_-BJTnvuvB.mjs (6.15 kB) (2.41 kB gzip)
  ├─ .output/server/chunks/build/_name_-BJTnvuvB.mjs.map (1.39 kB) (509 B gzip)
  ├─ .output/server/chunks/build/_name_-CeoOwMTe.mjs (6.15 kB) (2.41 kB gzip)
  ├─ .output/server/chunks/build/_name_-CeoOwMTe.mjs.map (1.39 kB) (509 B gzip)
  ├─ .output/server/chunks/build/_name_-CZrivOx0.mjs (6.15 kB) (2.41 kB gzip)
  ├─ .output/server/chunks/build/_name_-CZrivOx0.mjs.map (1.39 kB) (510 B gzip)
  ├─ .output/server/chunks/build/_name_-DQ5XPlP6.mjs (3.93 kB) (1.52 kB gzip)
  ├─ .output/server/chunks/build/_name_-DQ5XPlP6.mjs.map (1.14 kB) (449 B gzip)
  ├─ .output/server/chunks/build/_name_-tU-bWAfJ.mjs (6.84 kB) (2.41 kB gzip)
  ├─ .output/server/chunks/build/_name_-tU-bWAfJ.mjs.map (1.87 kB) (596 B gzip)
  ├─ .output/server/chunks/build/_plugin-vue_export-helper-BOaGB7Aw.mjs (320 B) (227 B gzip)
  ├─ .output/server/chunks/build/_plugin-vue_export-helper-BOaGB7Aw.mjs.map (225 B) (172 B gzip)
  ├─ .output/server/chunks/build/_slug_-BDGfowxP.mjs (7.13 kB) (2.12 kB gzip)
  ├─ .output/server/chunks/build/_slug_-BDGfowxP.mjs.map (2.8 kB) (780 B gzip)
  ├─ .output/server/chunks/build/_slug_-C02x6FGq.mjs (16.1 kB) (4.02 kB gzip)
  ├─ .output/server/chunks/build/_slug_-C02x6FGq.mjs.map (5.47 kB) (1.39 kB gzip)
  ├─ .output/server/chunks/build/_slug_-CGs2BPfq.mjs (11.8 kB) (3.43 kB gzip)
  ├─ .output/server/chunks/build/_slug_-CGs2BPfq.mjs.map (3.6 kB) (1.01 kB gzip)
  ├─ .output/server/chunks/build/_slug_-CVRGT6PW.mjs (11.8 kB) (3.43 kB gzip)
  ├─ .output/server/chunks/build/_slug_-CVRGT6PW.mjs.map (3.6 kB) (1.02 kB gzip)
  ├─ .output/server/chunks/build/_slug_-Dc4eC2_1.mjs (11.8 kB) (3.42 kB gzip)
  ├─ .output/server/chunks/build/_slug_-Dc4eC2_1.mjs.map (3.6 kB) (1.01 kB gzip)
  ├─ .output/server/chunks/build/_slug_-DMwihC7S.mjs (16.1 kB) (4.02 kB gzip)
  ├─ .output/server/chunks/build/_slug_-DMwihC7S.mjs.map (5.47 kB) (1.39 kB gzip)
  ├─ .output/server/chunks/build/_slug_-LNFMpB1h.mjs (11.7 kB) (3.37 kB gzip)
  ├─ .output/server/chunks/build/_slug_-LNFMpB1h.mjs.map (3.54 kB) (996 B gzip)
  ├─ .output/server/chunks/build/_slug_-styles.t3KZaGXf.mjs (521 B) (311 B gzip)
  ├─ .output/server/chunks/build/_slug_-styles.t3KZaGXf.mjs.map (211 B) (165 B gzip)
  ├─ .output/server/chunks/build/about-6U1dghwu.mjs (9.24 kB) (3.03 kB gzip)
  ├─ .output/server/chunks/build/about-6U1dghwu.mjs.map (1.19 kB) (423 B gzip)
  ├─ .output/server/chunks/build/about-DpO5qmBd.mjs (9.24 kB) (3.03 kB gzip)
  ├─ .output/server/chunks/build/about-DpO5qmBd.mjs.map (1.19 kB) (422 B gzip)
  ├─ .output/server/chunks/build/about-pgdoHXzX.mjs (9.24 kB) (3.02 kB gzip)
  ├─ .output/server/chunks/build/about-pgdoHXzX.mjs.map (1.19 kB) (422 B gzip)
  ├─ .output/server/chunks/build/AppHeader-styles.Ab5lkFwR.mjs (361 B) (222 B gzip)
  ├─ .output/server/chunks/build/AppHeader-styles.Ab5lkFwR.mjs.map (217 B) (169 B gzip)
  ├─ .output/server/chunks/build/AppHeader-styles.BLKjRWnB.mjs (361 B) (217 B gzip)
  ├─ .output/server/chunks/build/AppHeader-styles.BLKjRWnB.mjs.map (217 B) (169 B gzip)
  ├─ .output/server/chunks/build/AppHeader-styles.BnbXigG8.mjs (361 B) (221 B gzip)
  ├─ .output/server/chunks/build/AppHeader-styles.BnbXigG8.mjs.map (217 B) (168 B gzip)
  ├─ .output/server/chunks/build/AppHeader-styles.Btdx46yR.mjs (361 B) (218 B gzip)
  ├─ .output/server/chunks/build/AppHeader-styles.Btdx46yR.mjs.map (217 B) (168 B gzip)
  ├─ .output/server/chunks/build/AppHeader-styles.CG62UieH.mjs (361 B) (215 B gzip)
  ├─ .output/server/chunks/build/AppHeader-styles.CG62UieH.mjs.map (217 B) (169 B gzip)
  ├─ .output/server/chunks/build/AppHeader-styles.CsuoSufj.mjs (361 B) (213 B gzip)
  ├─ .output/server/chunks/build/AppHeader-styles.CsuoSufj.mjs.map (217 B) (167 B gzip)
  ├─ .output/server/chunks/build/AppHeader-styles.CtqCZpvP.mjs (361 B) (218 B gzip)
  ├─ .output/server/chunks/build/AppHeader-styles.CtqCZpvP.mjs.map (217 B) (168 B gzip)
  ├─ .output/server/chunks/build/ArticleCard-BR49qRMD.mjs (6.8 kB) (1.75 kB gzip)
  ├─ .output/server/chunks/build/ArticleCard-BR49qRMD.mjs.map (2.77 kB) (782 B gzip)
  ├─ .output/server/chunks/build/ArticleCard-D9NUr7uy.mjs (6.8 kB) (1.75 kB gzip)
  ├─ .output/server/chunks/build/ArticleCard-D9NUr7uy.mjs.map (2.77 kB) (783 B gzip)
  ├─ .output/server/chunks/build/ArticleCard-DVV5Pw5A.mjs (6.8 kB) (1.75 kB gzip)
  ├─ .output/server/chunks/build/ArticleCard-DVV5Pw5A.mjs.map (2.77 kB) (783 B gzip)
  ├─ .output/server/chunks/build/ArticleCard-DwwcLulW.mjs (3.52 kB) (1.15 kB gzip)
  ├─ .output/server/chunks/build/ArticleCard-DwwcLulW.mjs.map (2.08 kB) (621 B gzip)
  ├─ .output/server/chunks/build/ArticleCard-DZ2zXJnB.mjs (6.76 kB) (1.74 kB gzip)
  ├─ .output/server/chunks/build/ArticleCard-DZ2zXJnB.mjs.map (2.77 kB) (784 B gzip)
  ├─ .output/server/chunks/build/ArticleCard-styles.CN1-rpZp.mjs (537 B) (308 B gzip)
  ├─ .output/server/chunks/build/ArticleCard-styles.CN1-rpZp.mjs.map (221 B) (168 B gzip)
  ├─ .output/server/chunks/build/ArticleCard-styles.CS2piCmn.mjs (539 B) (304 B gzip)
  ├─ .output/server/chunks/build/ArticleCard-styles.CS2piCmn.mjs.map (221 B) (167 B gzip)
  ├─ .output/server/chunks/build/ArticleCard-styles.DmLJ3Ryx.mjs (539 B) (309 B gzip)
  ├─ .output/server/chunks/build/ArticleCard-styles.DmLJ3Ryx.mjs.map (221 B) (169 B gzip)
  ├─ .output/server/chunks/build/ArticleCard-wlU24vC-.mjs (6.35 kB) (1.68 kB gzip)
  ├─ .output/server/chunks/build/ArticleCard-wlU24vC-.mjs.map (2.77 kB) (778 B gzip)
  ├─ .output/server/chunks/build/articles-BpElTc5w.mjs (4.61 kB) (1.94 kB gzip)
  ├─ .output/server/chunks/build/articles-BpElTc5w.mjs.map (942 B) (374 B gzip)
  ├─ .output/server/chunks/build/articles-BXYRUwQl.mjs (3.16 kB) (1.29 kB gzip)
  ├─ .output/server/chunks/build/articles-BXYRUwQl.mjs.map (643 B) (285 B gzip)
  ├─ .output/server/chunks/build/articles-BzrLq5Uu.mjs (4.61 kB) (1.94 kB gzip)
  ├─ .output/server/chunks/build/articles-BzrLq5Uu.mjs.map (942 B) (374 B gzip)
  ├─ .output/server/chunks/build/articles-CqgTZ5JT.mjs (5.05 kB) (2.03 kB gzip)
  ├─ .output/server/chunks/build/articles-CqgTZ5JT.mjs.map (1.14 kB) (432 B gzip)
  ├─ .output/server/chunks/build/articles-DYLWai1c.mjs (5.05 kB) (2.03 kB gzip)
  ├─ .output/server/chunks/build/articles-DYLWai1c.mjs.map (1.14 kB) (432 B gzip)
  ├─ .output/server/chunks/build/articles-GZguEMQB.mjs (4.61 kB) (1.94 kB gzip)
  ├─ .output/server/chunks/build/articles-GZguEMQB.mjs.map (942 B) (373 B gzip)
  ├─ .output/server/chunks/build/asyncData-DQOTAIVv.mjs (14.7 kB) (4.18 kB gzip)
  ├─ .output/server/chunks/build/asyncData-DQOTAIVv.mjs.map (450 B) (235 B gzip)
  ├─ .output/server/chunks/build/categories-B_J8xuip.mjs (8.99 kB) (2.72 kB gzip)
  ├─ .output/server/chunks/build/categories-B_J8xuip.mjs.map (2.92 kB) (922 B gzip)
  ├─ .output/server/chunks/build/categories-C3-0pD99.mjs (9.07 kB) (2.68 kB gzip)
  ├─ .output/server/chunks/build/categories-C3-0pD99.mjs.map (3.12 kB) (965 B gzip)
  ├─ .output/server/chunks/build/categories-CcVKfNWW.mjs (9.07 kB) (2.68 kB gzip)
  ├─ .output/server/chunks/build/categories-CcVKfNWW.mjs.map (3.12 kB) (966 B gzip)
  ├─ .output/server/chunks/build/categories-D5tPGF0K.mjs (4.26 kB) (1.63 kB gzip)
  ├─ .output/server/chunks/build/categories-D5tPGF0K.mjs.map (1.89 kB) (634 B gzip)
  ├─ .output/server/chunks/build/components-CV1vymao.mjs (22.4 kB) (6.82 kB gzip)
  ├─ .output/server/chunks/build/components-CV1vymao.mjs.map (501 B) (234 B gzip)
  ├─ .output/server/chunks/build/components-Dqzt1W8X.mjs (22.6 kB) (6.86 kB gzip)
  ├─ .output/server/chunks/build/components-Dqzt1W8X.mjs.map (501 B) (236 B gzip)
  ├─ .output/server/chunks/build/components-qlwYEK8J.mjs (18.9 kB) (5.71 kB gzip)
  ├─ .output/server/chunks/build/components-qlwYEK8J.mjs.map (501 B) (236 B gzip)
  ├─ .output/server/chunks/build/components-tXeF7q7g.mjs (12.6 kB) (4.08 kB gzip)
  ├─ .output/server/chunks/build/components-tXeF7q7g.mjs.map (501 B) (234 B gzip)
  ├─ .output/server/chunks/build/ContentDoc-Bgoa8tDM.mjs (7.01 kB) (2.38 kB gzip)
  ├─ .output/server/chunks/build/ContentDoc-Bgoa8tDM.mjs.map (274 B) (184 B gzip)
  ├─ .output/server/chunks/build/ContentList-CPfEd0i4.mjs (3.06 kB) (1.22 kB gzip)
  ├─ .output/server/chunks/build/ContentList-CPfEd0i4.mjs.map (191 B) (163 B gzip)
  ├─ .output/server/chunks/build/ContentNavigation-DGvhUwLs.mjs (4.46 kB) (1.69 kB gzip)
  ├─ .output/server/chunks/build/ContentNavigation-DGvhUwLs.mjs.map (292 B) (195 B gzip)
  ├─ .output/server/chunks/build/ContentQuery-BSE_afR9.mjs (5.83 kB) (1.89 kB gzip)
  ├─ .output/server/chunks/build/ContentQuery-BSE_afR9.mjs.map (193 B) (166 B gzip)
  ├─ .output/server/chunks/build/ContentRenderer-Cj4_j2Qz.mjs (3.52 kB) (1.36 kB gzip)
  ├─ .output/server/chunks/build/ContentRenderer-Cj4_j2Qz.mjs.map (199 B) (167 B gzip)
  ├─ .output/server/chunks/build/ContentRendererMarkdown-aUFhiJ-s.mjs (15.1 kB) (4.54 kB gzip)
  ├─ .output/server/chunks/build/ContentRendererMarkdown-aUFhiJ-s.mjs.map (381 B) (219 B gzip)
  ├─ .output/server/chunks/build/ContentSlot-CF6yFgPj.mjs (2.65 kB) (964 B gzip)
  ├─ .output/server/chunks/build/ContentSlot-CF6yFgPj.mjs.map (268 B) (185 B gzip)
  ├─ .output/server/chunks/build/default-6JY5dCqh.mjs (20.2 kB) (4.77 kB gzip)
  ├─ .output/server/chunks/build/default-6JY5dCqh.mjs.map (7.47 kB) (1.88 kB gzip)
  ├─ .output/server/chunks/build/default-Bffv6Xs3.mjs (20.5 kB) (4.85 kB gzip)
  ├─ .output/server/chunks/build/default-Bffv6Xs3.mjs.map (7.66 kB) (1.96 kB gzip)
  ├─ .output/server/chunks/build/default-BFYlPmwV.mjs (20.3 kB) (4.78 kB gzip)
  ├─ .output/server/chunks/build/default-BFYlPmwV.mjs.map (7.47 kB) (1.88 kB gzip)
  ├─ .output/server/chunks/build/default-Bp9r5mPV.mjs (20.2 kB) (4.76 kB gzip)
  ├─ .output/server/chunks/build/default-Bp9r5mPV.mjs.map (7.47 kB) (1.88 kB gzip)
  ├─ .output/server/chunks/build/default-BS2-tE-4.mjs (20.2 kB) (4.75 kB gzip)
  ├─ .output/server/chunks/build/default-BS2-tE-4.mjs.map (7.63 kB) (1.95 kB gzip)
  ├─ .output/server/chunks/build/default-CIPZezT7.mjs (20.2 kB) (4.75 kB gzip)
  ├─ .output/server/chunks/build/default-CIPZezT7.mjs.map (7.47 kB) (1.88 kB gzip)
  ├─ .output/server/chunks/build/default-CJj6Gpax.mjs (20.2 kB) (4.76 kB gzip)
  ├─ .output/server/chunks/build/default-CJj6Gpax.mjs.map (7.47 kB) (1.88 kB gzip)
  ├─ .output/server/chunks/build/default-CN-DV-Yj.mjs (20.2 kB) (4.76 kB gzip)
  ├─ .output/server/chunks/build/default-CN-DV-Yj.mjs.map (7.63 kB) (1.95 kB gzip)
  ├─ .output/server/chunks/build/default-CrCwJeY0.mjs (20.2 kB) (4.75 kB gzip)
  ├─ .output/server/chunks/build/default-CrCwJeY0.mjs.map (7.63 kB) (1.95 kB gzip)
  ├─ .output/server/chunks/build/default-DiUW0IHI.mjs (20 kB) (4.72 kB gzip)
  ├─ .output/server/chunks/build/default-DiUW0IHI.mjs.map (7.66 kB) (1.95 kB gzip)
  ├─ .output/server/chunks/build/default-F7eXYT2P.mjs (11.8 kB) (3.16 kB gzip)
  ├─ .output/server/chunks/build/default-F7eXYT2P.mjs.map (5.8 kB) (1.53 kB gzip)
  ├─ .output/server/chunks/build/default-styles-1.mjs--GFmCKzA.mjs (719 B) (383 B gzip)
  ├─ .output/server/chunks/build/default-styles-1.mjs--GFmCKzA.mjs.map (99 B) (108 B gzip)
  ├─ .output/server/chunks/build/default-styles-1.mjs-g3nKJNPH.mjs (719 B) (384 B gzip)
  ├─ .output/server/chunks/build/default-styles-1.mjs-g3nKJNPH.mjs.map (99 B) (108 B gzip)
  ├─ .output/server/chunks/build/default-styles-2.mjs-BuBh5z3M.mjs (565 B) (323 B gzip)
  ├─ .output/server/chunks/build/default-styles-2.mjs-BuBh5z3M.mjs.map (99 B) (107 B gzip)
  ├─ .output/server/chunks/build/default-styles-2.mjs-C-CUugvL.mjs (713 B) (386 B gzip)
  ├─ .output/server/chunks/build/default-styles-2.mjs-C-CUugvL.mjs.map (99 B) (107 B gzip)
  ├─ .output/server/chunks/build/default-styles-2.mjs-CGip4TK_.mjs (796 B) (355 B gzip)
  ├─ .output/server/chunks/build/default-styles-2.mjs-CGip4TK_.mjs.map (99 B) (108 B gzip)
  ├─ .output/server/chunks/build/default-styles-2.mjs-Cw0VMAcf.mjs (796 B) (354 B gzip)
  ├─ .output/server/chunks/build/default-styles-2.mjs-Cw0VMAcf.mjs.map (99 B) (108 B gzip)
  ├─ .output/server/chunks/build/default-styles-2.mjs-Dn8_cglc.mjs (565 B) (321 B gzip)
  ├─ .output/server/chunks/build/default-styles-2.mjs-Dn8_cglc.mjs.map (99 B) (106 B gzip)
  ├─ .output/server/chunks/build/default-styles-2.mjs-DXSqRWos.mjs (796 B) (356 B gzip)
  ├─ .output/server/chunks/build/default-styles-2.mjs-DXSqRWos.mjs.map (99 B) (108 B gzip)
  ├─ .output/server/chunks/build/default-styles-2.mjs-KWuK8CXb.mjs (713 B) (388 B gzip)
  ├─ .output/server/chunks/build/default-styles-2.mjs-KWuK8CXb.mjs.map (99 B) (108 B gzip)
  ├─ .output/server/chunks/build/default-styles.BA-htF_J.mjs (601 B) (325 B gzip)
  ├─ .output/server/chunks/build/default-styles.BA-htF_J.mjs.map (213 B) (166 B gzip)
  ├─ .output/server/chunks/build/default-styles.BDx8RVV9.mjs (582 B) (262 B gzip)
  ├─ .output/server/chunks/build/default-styles.BDx8RVV9.mjs.map (223 B) (172 B gzip)
  ├─ .output/server/chunks/build/default-styles.Bi4uaPII.mjs (582 B) (264 B gzip)
  ├─ .output/server/chunks/build/default-styles.Bi4uaPII.mjs.map (223 B) (170 B gzip)
  ├─ .output/server/chunks/build/default-styles.Bok21bnT.mjs (582 B) (262 B gzip)
  ├─ .output/server/chunks/build/default-styles.Bok21bnT.mjs.map (223 B) (170 B gzip)
  ├─ .output/server/chunks/build/default-styles.BqzaURhQ.mjs (582 B) (262 B gzip)
  ├─ .output/server/chunks/build/default-styles.BqzaURhQ.mjs.map (223 B) (171 B gzip)
  ├─ .output/server/chunks/build/default-styles.D8ObHBkj.mjs (582 B) (265 B gzip)
  ├─ .output/server/chunks/build/default-styles.D8ObHBkj.mjs.map (223 B) (173 B gzip)
  ├─ .output/server/chunks/build/default-styles.Dmfl33XS.mjs (582 B) (264 B gzip)
  ├─ .output/server/chunks/build/default-styles.Dmfl33XS.mjs.map (223 B) (170 B gzip)
  ├─ .output/server/chunks/build/default-styles.DN1GmNzD.mjs (582 B) (265 B gzip)
  ├─ .output/server/chunks/build/default-styles.DN1GmNzD.mjs.map (223 B) (171 B gzip)
  ├─ .output/server/chunks/build/default-styles.VV4jna3b.mjs (582 B) (263 B gzip)
  ├─ .output/server/chunks/build/default-styles.VV4jna3b.mjs.map (223 B) (169 B gzip)
  ├─ .output/server/chunks/build/DocumentDrivenEmpty-B5LMSn3t.mjs (958 B) (491 B gzip)
  ├─ .output/server/chunks/build/DocumentDrivenEmpty-B5LMSn3t.mjs.map (207 B) (171 B gzip)
  ├─ .output/server/chunks/build/DocumentDrivenNotFound-DOEguUJX.mjs (817 B) (402 B gzip)
  ├─ .output/server/chunks/build/DocumentDrivenNotFound-DOEguUJX.mjs.map (213 B) (176 B gzip)
  ├─ .output/server/chunks/build/error-404-BRh7pGPb.mjs (5.97 kB) (2.43 kB gzip)
  ├─ .output/server/chunks/build/error-404-BRh7pGPb.mjs.map (183 B) (163 B gzip)
  ├─ .output/server/chunks/build/error-404-styles.CiqRMCWG.mjs (2.88 kB) (1.08 kB gzip)
  ├─ .output/server/chunks/build/error-404-styles.CiqRMCWG.mjs.map (217 B) (170 B gzip)
  ├─ .output/server/chunks/build/error-500-B06B1pN8.mjs (5.26 kB) (2.17 kB gzip)
  ├─ .output/server/chunks/build/error-500-B06B1pN8.mjs.map (183 B) (162 B gzip)
  ├─ .output/server/chunks/build/error-500-styles.CgvVbW11.mjs (2.35 kB) (948 B gzip)
  ├─ .output/server/chunks/build/error-500-styles.CgvVbW11.mjs.map (217 B) (167 B gzip)
  ├─ .output/server/chunks/build/Markdown-FdMn2EgS.mjs (1.12 kB) (567 B gzip)
  ├─ .output/server/chunks/build/Markdown-FdMn2EgS.mjs.map (114 B) (98 B gzip)
  ├─ .output/server/chunks/build/mdc-configs.mjs (176 B) (150 B gzip)
  ├─ .output/server/chunks/build/mdc-configs.mjs.map (162 B) (139 B gzip)
  ├─ .output/server/chunks/build/mdc-imports.mjs (260 B) (169 B gzip)
  ├─ .output/server/chunks/build/mdc-imports.mjs.map (162 B) (139 B gzip)
  ├─ .output/server/chunks/build/node-Dy_gGGLY.mjs (2.12 kB) (774 B gzip)
  ├─ .output/server/chunks/build/node-Dy_gGGLY.mjs.map (169 B) (155 B gzip)
  ├─ .output/server/chunks/build/nuxt-link-y-ZeVrXh.mjs (9.26 kB) (2.79 kB gzip)
  ├─ .output/server/chunks/build/nuxt-link-y-ZeVrXh.mjs.map (173 B) (153 B gzip)
  ├─ .output/server/chunks/build/pages-BnGjtsFh.mjs (9.68 kB) (3.1 kB gzip)
  ├─ .output/server/chunks/build/pages-BnGjtsFh.mjs.map (2.57 kB) (741 B gzip)
  ├─ .output/server/chunks/build/pages-BUU4S15h.mjs (9.01 kB) (2.93 kB gzip)
  ├─ .output/server/chunks/build/pages-BUU4S15h.mjs.map (2.43 kB) (705 B gzip)
  ├─ .output/server/chunks/build/pages-C4aOd8G4.mjs (3.97 kB) (1.54 kB gzip)
  ├─ .output/server/chunks/build/pages-C4aOd8G4.mjs.map (955 B) (379 B gzip)
  ├─ .output/server/chunks/build/pages-cUUoonJf.mjs (9.71 kB) (3.1 kB gzip)
  ├─ .output/server/chunks/build/pages-cUUoonJf.mjs.map (2.57 kB) (742 B gzip)
  ├─ .output/server/chunks/build/pages-DeCA4JJ3.mjs (9.68 kB) (3.1 kB gzip)
  ├─ .output/server/chunks/build/pages-DeCA4JJ3.mjs.map (2.57 kB) (741 B gzip)
  ├─ .output/server/chunks/build/pages-O00NiO2M.mjs (9.68 kB) (3.1 kB gzip)
  ├─ .output/server/chunks/build/pages-O00NiO2M.mjs.map (2.57 kB) (741 B gzip)
  ├─ .output/server/chunks/build/pages-oZ9EWyW7.mjs (9.01 kB) (2.93 kB gzip)
  ├─ .output/server/chunks/build/pages-oZ9EWyW7.mjs.map (2.43 kB) (705 B gzip)
  ├─ .output/server/chunks/build/preview-h0xAYDIx.mjs (5.92 kB) (2.15 kB gzip)
  ├─ .output/server/chunks/build/preview-h0xAYDIx.mjs.map (302 B) (193 B gzip)
  ├─ .output/server/chunks/build/ProseA-C1b9e5ko.mjs (2.61 kB) (998 B gzip)
  ├─ .output/server/chunks/build/ProseA-C1b9e5ko.mjs.map (185 B) (165 B gzip)
  ├─ .output/server/chunks/build/ProseBlockquote-LjcLtoSK.mjs (1.1 kB) (535 B gzip)
  ├─ .output/server/chunks/build/ProseBlockquote-LjcLtoSK.mjs.map (110 B) (105 B gzip)
  ├─ .output/server/chunks/build/ProseCode-QDN60ZYL.mjs (1.67 kB) (664 B gzip)
  ├─ .output/server/chunks/build/ProseCode-QDN60ZYL.mjs.map (132 B) (99 B gzip)
  ├─ .output/server/chunks/build/ProseCode-styles.55AK9Any.mjs (449 B) (276 B gzip)
  ├─ .output/server/chunks/build/ProseCode-styles.55AK9Any.mjs.map (217 B) (168 B gzip)
  ├─ .output/server/chunks/build/ProseCodeInline-CjkTwdQx.mjs (1.1 kB) (534 B gzip)
  ├─ .output/server/chunks/build/ProseCodeInline-CjkTwdQx.mjs.map (110 B) (105 B gzip)
  ├─ .output/server/chunks/build/ProseEm-CwISPdvR.mjs (1.04 kB) (525 B gzip)
  ├─ .output/server/chunks/build/ProseEm-CwISPdvR.mjs.map (102 B) (97 B gzip)
  ├─ .output/server/chunks/build/ProseH1-COKoG_BK.mjs (2.73 kB) (1.04 kB gzip)
  ├─ .output/server/chunks/build/ProseH1-COKoG_BK.mjs.map (187 B) (166 B gzip)
  ├─ .output/server/chunks/build/ProseH2-DilfuvUB.mjs (2.75 kB) (1.04 kB gzip)
  ├─ .output/server/chunks/build/ProseH2-DilfuvUB.mjs.map (187 B) (167 B gzip)
  ├─ .output/server/chunks/build/ProseH3-CHeB4Zg6.mjs (2.75 kB) (1.04 kB gzip)
  ├─ .output/server/chunks/build/ProseH3-CHeB4Zg6.mjs.map (187 B) (166 B gzip)
  ├─ .output/server/chunks/build/ProseH4-CgfDcYuO.mjs (2.75 kB) (1.04 kB gzip)
  ├─ .output/server/chunks/build/ProseH4-CgfDcYuO.mjs.map (187 B) (167 B gzip)
  ├─ .output/server/chunks/build/ProseH5-Bq-BqfzH.mjs (2.75 kB) (1.04 kB gzip)
  ├─ .output/server/chunks/build/ProseH5-Bq-BqfzH.mjs.map (187 B) (166 B gzip)
  ├─ .output/server/chunks/build/ProseH6-XGbLNiL7.mjs (2.75 kB) (1.04 kB gzip)
  ├─ .output/server/chunks/build/ProseH6-XGbLNiL7.mjs.map (187 B) (167 B gzip)
  ├─ .output/server/chunks/build/ProseHr-qNrvTGXi.mjs (942 B) (492 B gzip)
  ├─ .output/server/chunks/build/ProseHr-qNrvTGXi.mjs.map (100 B) (97 B gzip)
  ├─ .output/server/chunks/build/ProseImg-BrDFdDNn.mjs (2.97 kB) (1.11 kB gzip)
  ├─ .output/server/chunks/build/ProseImg-BrDFdDNn.mjs.map (189 B) (166 B gzip)
  ├─ .output/server/chunks/build/ProseLi-DTWtDpl6.mjs (1.04 kB) (527 B gzip)
  ├─ .output/server/chunks/build/ProseLi-DTWtDpl6.mjs.map (102 B) (97 B gzip)
  ├─ .output/server/chunks/build/ProseOl-CfMesdaK.mjs (1.04 kB) (525 B gzip)
  ├─ .output/server/chunks/build/ProseOl-CfMesdaK.mjs.map (102 B) (97 B gzip)
  ├─ .output/server/chunks/build/ProseP-kT6L_ME0.mjs (1.03 kB) (525 B gzip)
  ├─ .output/server/chunks/build/ProseP-kT6L_ME0.mjs.map (101 B) (96 B gzip)
  ├─ .output/server/chunks/build/ProsePre-C1AmVpHa.mjs (2.43 kB) (909 B gzip)
  ├─ .output/server/chunks/build/ProsePre-C1AmVpHa.mjs.map (199 B) (171 B gzip)
  ├─ .output/server/chunks/build/ProsePre-styles.DZaMtX94.mjs (443 B) (274 B gzip)
  ├─ .output/server/chunks/build/ProsePre-styles.DZaMtX94.mjs.map (215 B) (167 B gzip)
  ├─ .output/server/chunks/build/ProseScript-uQhJ3QuN.mjs (1.53 kB) (680 B gzip)
  ├─ .output/server/chunks/build/ProseScript-uQhJ3QuN.mjs.map (195 B) (168 B gzip)
  ├─ .output/server/chunks/build/ProseStrong-CtXSZmkF.mjs (1.07 kB) (532 B gzip)
  ├─ .output/server/chunks/build/ProseStrong-CtXSZmkF.mjs.map (106 B) (101 B gzip)
  ├─ .output/server/chunks/build/ProseTable-CJHatjMn.mjs (1.06 kB) (529 B gzip)
  ├─ .output/server/chunks/build/ProseTable-CJHatjMn.mjs.map (105 B) (100 B gzip)
  ├─ .output/server/chunks/build/ProseTbody-C6ytnxAL.mjs (1.06 kB) (530 B gzip)
  ├─ .output/server/chunks/build/ProseTbody-C6ytnxAL.mjs.map (105 B) (100 B gzip)
  ├─ .output/server/chunks/build/ProseTd-i2919mSg.mjs (1.04 kB) (527 B gzip)
  ├─ .output/server/chunks/build/ProseTd-i2919mSg.mjs.map (102 B) (97 B gzip)
  ├─ .output/server/chunks/build/ProseTh-BOCJHC29.mjs (1.04 kB) (529 B gzip)
  ├─ .output/server/chunks/build/ProseTh-BOCJHC29.mjs.map (102 B) (97 B gzip)
  ├─ .output/server/chunks/build/ProseThead-BOZ24CBC.mjs (1.06 kB) (532 B gzip)
  ├─ .output/server/chunks/build/ProseThead-BOZ24CBC.mjs.map (105 B) (100 B gzip)
  ├─ .output/server/chunks/build/ProseTr-wpGYe4I-.mjs (1.04 kB) (528 B gzip)
  ├─ .output/server/chunks/build/ProseTr-wpGYe4I-.mjs.map (102 B) (97 B gzip)
  ├─ .output/server/chunks/build/ProseUl-BJCKMnd6.mjs (1.04 kB) (526 B gzip)
  ├─ .output/server/chunks/build/ProseUl-BJCKMnd6.mjs.map (102 B) (97 B gzip)
  ├─ .output/server/chunks/build/query-B2OAzZ4b.mjs (6.12 kB) (2.19 kB gzip)
  ├─ .output/server/chunks/build/query-B2OAzZ4b.mjs.map (552 B) (211 B gzip)
  ├─ .output/server/chunks/build/rolldown-runtime-D7D4PA-g.mjs (386 B) (283 B gzip)
  ├─ .output/server/chunks/build/rolldown-runtime-D7D4PA-g.mjs.map (207 B) (165 B gzip)
  ├─ .output/server/chunks/build/SearchResults-styles.CIAdiEV-.mjs (381 B) (224 B gzip)
  ├─ .output/server/chunks/build/SearchResults-styles.CIAdiEV-.mjs.map (225 B) (172 B gzip)
  ├─ .output/server/chunks/build/SearchResults-styles.idtwq_jG.mjs (381 B) (221 B gzip)
  ├─ .output/server/chunks/build/SearchResults-styles.idtwq_jG.mjs.map (225 B) (169 B gzip)
  ├─ .output/server/chunks/raw/ai-prompt-engineering.mjs (21.6 kB) (5.12 kB gzip)
  ├─ .output/server/chunks/raw/ai-prompt-engineering.mjs.map (91 B) (96 B gzip)
  ├─ .output/server/chunks/raw/content-index.mjs (195 B) (168 B gzip)
  ├─ .output/server/chunks/raw/content-index.mjs.map (83 B) (93 B gzip)
  ├─ .output/server/chunks/raw/content-navigation.mjs (274 B) (201 B gzip)
  ├─ .output/server/chunks/raw/content-navigation.mjs.map (88 B) (95 B gzip)
  ├─ .output/server/chunks/raw/nuxt-4-guide.mjs (1.76 kB) (1.03 kB gzip)
  ├─ .output/server/chunks/raw/nuxt-4-guide.mjs.map (82 B) (93 B gzip)
  ├─ .output/server/chunks/raw/nuxt-4-guide2.mjs (4.24 kB) (1.34 kB gzip)
  ├─ .output/server/chunks/raw/nuxt-4-guide2.mjs.map (83 B) (94 B gzip)
  ├─ .output/server/chunks/raw/remote-developer-life.mjs (22.1 kB) (4.89 kB gzip)
  ├─ .output/server/chunks/raw/remote-developer-life.mjs.map (91 B) (97 B gzip)
  ├─ .output/server/chunks/raw/typescript-advanced-types.mjs (35 kB) (5.7 kB gzip)
  ├─ .output/server/chunks/raw/typescript-advanced-types.mjs.map (95 B) (101 B gzip)
  ├─ .output/server/chunks/raw/vue3-composition-api-practice.mjs (20.7 kB) (3.72 kB gzip)
  ├─ .output/server/chunks/raw/vue3-composition-api-practice.mjs.map (99 B) (102 B gzip)
  ├─ .output/server/chunks/routes/renderer.mjs (16.4 kB) (5.77 kB gzip)
  ├─ .output/server/chunks/routes/renderer.mjs.map (967 B) (291 B gzip)
  ├─ .output/server/chunks/virtual/_virtual_spa-template.mjs (94 B) (100 B gzip)
  ├─ .output/server/chunks/virtual/_virtual_spa-template.mjs.map (90 B) (98 B gzip)
  ├─ .output/server/chunks/virtual/entry.mjs (77.1 kB) (19 kB gzip)
  ├─ .output/server/chunks/virtual/entry.mjs.map (5.82 kB) (1.29 kB gzip)
  ├─ .output/server/chunks/virtual/precomputed.mjs (46.8 kB) (4.23 kB gzip)
  ├─ .output/server/chunks/virtual/precomputed.mjs.map (181 B) (150 B gzip)
  ├─ .output/server/chunks/virtual/styles.mjs (1.15 kB) (399 B gzip)
  ├─ .output/server/chunks/virtual/styles.mjs.map (164 B) (142 B gzip)
  ├─ .output/server/index.mjs (2.06 kB) (871 B gzip)
  └─ .output/server/package.json (5.14 kB) (1.43 kB gzip)
Σ Total size: 11 MB (2.67 MB gzip)
[success] [nitro] You can preview this build using `node .output/server/index.mjs`
[log] │
└  ✨ Build complete!
